 
****************************************
Report : area
Design : top
Version: O-2018.06-SP4
Date   : Mon Dec  9 13:49:06 2024
****************************************

Library(s) Used:

    saed14slvt_ff0p88v125c (File: /packages/process_kit/generic/generic_14nm/stdcell_slvt/db_ccs/saed14slvt_ff0p88v125c.db)
    saed14hvt_ff0p88v125c (File: /packages/process_kit/generic/generic_14nm/stdcell_hvt/db_ccs/saed14hvt_ff0p88v125c.db)
    saed14rvt_ff0p88v125c (File: /packages/process_kit/generic/generic_14nm/stdcell_rvt/db_ccs/saed14rvt_ff0p88v125c.db)
    saed14lvt_ff0p88v125c (File: /packages/process_kit/generic/generic_14nm/stdcell_lvt/db_ccs/saed14lvt_ff0p88v125c.db)

Number of ports:                         2100
Number of nets:                          3431
Number of cells:                         1296
Number of combinational cells:            967
Number of sequential cells:               277
Number of macros/black boxes:               0
Number of buf/inv:                        298
Number of references:                       5

Combinational area:                483.205189
Buf/Inv area:                       53.102399
Noncombinational area:             310.666801
Macro/Black Box area:                0.000000
Net Interconnect area:             854.895345

Total cell area:                   793.871990
Total area:                       1648.767335
1
