Information: Using automatic min wire load selection group 'predcaps'. (ENV-003)
Information: Using automatic max wire load selection group 'predcaps'. (ENV-003)
Information: Using automatic min wire load selection group 'predcaps'. (ENV-003)
Warning: Default maximum operating conditions per library resulted in cells having different temperature, e.g., pe_u/pe0/U12 has 25 but pe_u/pe13/Rpipe_reg[5] has 125. (DEL-008)
Warning: Default minimum operating conditions per library resulted in cells having different temperature, e.g., pe_u/pe0/U12 has 25 but pe_u/pe13/Rpipe_reg[5] has 125. (DEL-008)
Information: Building multi voltage information for entire design. (MV-022)
Warning: An extrapolation exceeding 80% of the library characterization range has been detected. The delay calculation accuracy may be affected. for the cell timing arc, (saed14slvt_ff0p88v25c/SAEDSLVT14_AO22_1) pe_u/pe0/U16/A1-->X (max positive_unate) [r/f slew = 0.000377868/0.000377605, lib_range = [0.003 0.133]/[0.003 0.133] (nS)] (RC-011)
Warning: An extrapolation exceeding 80% of the library characterization range has been detected. The delay calculation accuracy may be affected. for the cell timing arc, (saed14slvt_ff0p88v25c/SAEDSLVT14_AO22_1) pe_u/pe0/U15/A1-->X (max positive_unate) [r/f slew = 0.000343511/0.000343252, lib_range = [0.003 0.133]/[0.003 0.133] (nS)] (RC-011)
Warning: An extrapolation exceeding 80% of the library characterization range has been detected. The delay calculation accuracy may be affected. for the cell timing arc, (saed14slvt_ff0p88v25c/SAEDSLVT14_AO22_1) pe_u/pe0/U22/A1-->X (max positive_unate) [r/f slew = 0.00049606/0.000495796, lib_range = [0.003 0.133]/[0.003 0.133] (nS)] (RC-011)
Warning: An extrapolation exceeding 80% of the library characterization range has been detected. The delay calculation accuracy may be affected. for the cell timing arc, (saed14slvt_ff0p88v25c/SAEDSLVT14_AO22_1) pe_u/pe0/U15/A1-->X (min positive_unate) [r/f slew = 0.00030715/0.000303257, lib_range = [0.003 0.133]/[0.003 0.133] (nS)] (RC-011)
Warning: An extrapolation exceeding 80% of the library characterization range has been detected. The delay calculation accuracy may be affected. for the cell timing arc, (saed14slvt_ff0p88v25c/SAEDSLVT14_AO22_1) pe_u/pe0/U21/A1-->X (min positive_unate) [r/f slew = 0.000558362/0.000553259, lib_range = [0.003 0.133]/[0.003 0.133] (nS)] (RC-011)
Warning: An extrapolation exceeding 80% of the library characterization range has been detected. The delay calculation accuracy may be affected. for the cell timing arc, (saed14slvt_ff0p88v25c/SAEDSLVT14_AO22_1) pe_u/pe0/U22/A1-->X (min positive_unate) [r/f slew = 0.00045648/0.000452416, lib_range = [0.003 0.133]/[0.003 0.133] (nS)] (RC-011)
Warning: An extrapolation exceeding 80% of the library characterization range has been detected. The delay calculation accuracy may be affected. for the cell timing arc, (saed14slvt_ff0p88v25c/SAEDSLVT14_AO22_1) pe_u/pe0/U21/A1-->X (min positive_unate) [r/f slew = 0.000558362/0.000553259, lib_range = [0.003 0.133]/[0.003 0.133] (nS)] (RC-011)
Warning: An extrapolation exceeding 80% of the library characterization range has been detected. The delay calculation accuracy may be affected. for the cell timing arc, (saed14slvt_ff0p88v25c/SAEDSLVT14_AO22_1) pe_u/pe0/U15/A1-->X (max positive_unate) [r/f slew = 0.000343511/0.000343252, lib_range = [0.003 0.133]/[0.003 0.133] (nS)] (RC-011)
Warning: An extrapolation exceeding 80% of the library characterization range has been detected. The delay calculation accuracy may be affected. for the cell timing arc, (saed14slvt_ff0p88v25c/SAEDSLVT14_AO22_1) pe_u/pe0/U22/A1-->X (max positive_unate) [r/f slew = 0.00049606/0.000495796, lib_range = [0.003 0.133]/[0.003 0.133] (nS)] (RC-011)
Warning: An extrapolation exceeding 80% of the library characterization range has been detected. The delay calculation accuracy may be affected. for the cell timing arc, (saed14slvt_ff0p88v25c/SAEDSLVT14_AO22_1) pe_u/pe0/U16/A1-->X (min positive_unate) [r/f slew = 0.0003385/0.000334379, lib_range = [0.003 0.133]/[0.003 0.133] (nS)] (RC-011)
Warning: An extrapolation exceeding 80% of the library characterization range has been detected. The delay calculation accuracy may be affected. for the cell timing arc, (saed14slvt_ff0p88v25c/SAEDSLVT14_AO22_1) pe_u/pe0/U21/A1-->X (min positive_unate) [r/f slew = 0.000558362/0.000553259, lib_range = [0.003 0.133]/[0.003 0.133] (nS)] (RC-011)
Warning: An extrapolation exceeding 80% of the library characterization range has been detected. The delay calculation accuracy may be affected. for the cell timing arc, (saed14slvt_ff0p88v25c/SAEDSLVT14_AO22_1) pe_u/pe0/U22/A1-->X (min positive_unate) [r/f slew = 0.00045648/0.000452416, lib_range = [0.003 0.133]/[0.003 0.133] (nS)] (RC-011)
Warning: An extrapolation exceeding 80% of the library characterization range has been detected. The delay calculation accuracy may be affected. for the cell timing arc, (saed14slvt_ff0p88v25c/SAEDSLVT14_AO22_1) pe_u/pe0/U15/A1-->X (min positive_unate) [r/f slew = 0.00030715/0.000303257, lib_range = [0.003 0.133]/[0.003 0.133] (nS)] (RC-011)
Warning: An extrapolation exceeding 80% of the library characterization range has been detected. The delay calculation accuracy may be affected. for the cell timing arc, (saed14slvt_ff0p88v25c/SAEDSLVT14_AO22_1) pe_u/pe0/U16/A1-->X (max positive_unate) [r/f slew = 0.000377868/0.000377605, lib_range = [0.003 0.133]/[0.003 0.133] (nS)] (RC-011)
Warning: An extrapolation exceeding 80% of the library characterization range has been detected. The delay calculation accuracy may be affected. for the cell timing arc, (saed14slvt_ff0p88v25c/SAEDSLVT14_AO22_1) pe_u/pe0/U22/A1-->X (max positive_unate) [r/f slew = 0.00049606/0.000495796, lib_range = [0.003 0.133]/[0.003 0.133] (nS)] (RC-011)
Warning: An extrapolation exceeding 80% of the library characterization range has been detected. The delay calculation accuracy may be affected. for the cell timing arc, (saed14slvt_ff0p88v25c/SAEDSLVT14_AO22_1) pe_u/pe0/U15/A1-->X (max positive_unate) [r/f slew = 0.000343511/0.000343252, lib_range = [0.003 0.133]/[0.003 0.133] (nS)] (RC-011)
Warning: An extrapolation exceeding 80% of the library characterization range has been detected. The delay calculation accuracy may be affected. for the cell timing arc, (saed14slvt_ff0p88v25c/SAEDSLVT14_AO22_1) pe_u/pe0/U16/A1-->X (min positive_unate) [r/f slew = 0.0003385/0.000334379, lib_range = [0.003 0.133]/[0.003 0.133] (nS)] (RC-011)
Warning: An extrapolation exceeding 80% of the library characterization range has been detected. The delay calculation accuracy may be affected. for the cell timing arc, (saed14slvt_ff0p88v25c/SAEDSLVT14_AO22_1) pe_u/pe0/U22/A1-->X (min positive_unate) [r/f slew = 0.00045648/0.000452416, lib_range = [0.003 0.133]/[0.003 0.133] (nS)] (RC-011)
Warning: An extrapolation exceeding 80% of the library characterization range has been detected. The delay calculation accuracy may be affected. for the cell timing arc, (saed14slvt_ff0p88v25c/SAEDSLVT14_AO22_1) pe_u/pe0/U15/A1-->X (min positive_unate) [r/f slew = 0.00030715/0.000303257, lib_range = [0.003 0.133]/[0.003 0.133] (nS)] (RC-011)
Warning: An extrapolation exceeding 80% of the library characterization range has been detected. The delay calculation accuracy may be affected. for the cell timing arc, (saed14slvt_ff0p88v25c/SAEDSLVT14_AO22_1) pe_u/pe0/U16/A1-->X (max positive_unate) [r/f slew = 0.000377868/0.000377605, lib_range = [0.003 0.133]/[0.003 0.133] (nS)] (RC-011)
Warning: An extrapolation exceeding 80% of the library characterization range has been detected. The delay calculation accuracy may be affected. for the cell timing arc, (saed14slvt_ff0p88v25c/SAEDSLVT14_AO22_1) pe_u/pe0/U16/A1-->X (min positive_unate) [r/f slew = 0.0003385/0.000334379, lib_range = [0.003 0.133]/[0.003 0.133] (nS)] (RC-011)
Warning: An extrapolation exceeding 80% of the library characterization range has been detected. The delay calculation accuracy may be affected. for the cell timing arc, (saed14slvt_ff0p88v25c/SAEDSLVT14_OR2_MM_1) pe_u/pe0/sub_46/U1/A1-->X (max positive_unate) [r/f slew = 4.01416e-05/3.95491e-05, lib_range = [0.003 0.133]/[0.003 0.133] (nS)] (RC-011)
Warning: An extrapolation exceeding 80% of the library characterization range has been detected. The delay calculation accuracy may be affected. for the cell timing arc, (saed14slvt_ff0p88v25c/SAEDSLVT14_EN2_1) pe_u/pe0/sub_46/U3/A2-->X (max positive_unate) [r/f slew = 4.01416e-05/3.95491e-05, lib_range = [0.003 0.133]/[0.003 0.133] (nS)] (RC-011)
Warning: An extrapolation exceeding 80% of the library characterization range has been detected. The delay calculation accuracy may be affected. for the cell timing arc, (saed14slvt_ff0p88v25c/SAEDSLVT14_OR2_MM_1) pe_u/pe0/sub_46/U1/A1-->X (min positive_unate) [r/f slew = 3.64891e-05/3.63063e-05, lib_range = [0.003 0.133]/[0.003 0.133] (nS)] (RC-011)
Warning: An extrapolation exceeding 80% of the library characterization range has been detected. The delay calculation accuracy may be affected. for the cell timing arc, (saed14slvt_ff0p88v25c/SAEDSLVT14_EN2_1) pe_u/pe0/sub_46/U3/A2-->X (min positive_unate) [r/f slew = 3.64891e-05/3.63063e-05, lib_range = [0.003 0.133]/[0.003 0.133] (nS)] (RC-011)
Warning: An extrapolation exceeding 80% of the library characterization range has been detected. The delay calculation accuracy may be affected. for the cell timing arc, (saed14slvt_ff0p88v25c/SAEDSLVT14_EN2_1) pe_u/pe0/sub_46/U3/A2-->X (max negative_unate) [r/f slew = 3.95491e-05/4.01416e-05, lib_range = [0.003 0.133]/[0.003 0.133] (nS)] (RC-011)
Warning: An extrapolation exceeding 80% of the library characterization range has been detected. The delay calculation accuracy may be affected. for the cell timing arc, (saed14slvt_ff0p88v25c/SAEDSLVT14_EN2_1) pe_u/pe0/sub_46/U3/A2-->X (min negative_unate) [r/f slew = 3.63063e-05/3.64891e-05, lib_range = [0.003 0.133]/[0.003 0.133] (nS)] (RC-011)
Warning: An extrapolation exceeding 80% of the library characterization range has been detected. The delay calculation accuracy may be affected. for the cell timing arc, (saed14slvt_ff0p88v25c/SAEDSLVT14_ADDF_V1_1) pe_u/pe0/sub_46/U2_1/A-->S (max positive_unate) [r/f slew = 3.45755e-05/3.39378e-05, lib_range = [0.003 0.133]/[0.003 0.133] (nS)] (RC-011)
Warning: An extrapolation exceeding 80% of the library characterization range has been detected. The delay calculation accuracy may be affected. for the cell timing arc, (saed14slvt_ff0p88v25c/SAEDSLVT14_ADDF_V1_1) pe_u/pe0/sub_46/U2_1/A-->CO (max positive_unate) [r/f slew = 3.45755e-05/3.39378e-05, lib_range = [0.003 0.133]/[0.003 0.133] (nS)] (RC-011)
Warning: An extrapolation exceeding 80% of the library characterization range has been detected. The delay calculation accuracy may be affected. for the cell timing arc, (saed14slvt_ff0p88v25c/SAEDSLVT14_ADDF_V1_1) pe_u/pe0/sub_46/U2_1/A-->S (min positive_unate) [r/f slew = 3.2184e-05/3.14484e-05, lib_range = [0.003 0.133]/[0.003 0.133] (nS)] (RC-011)
Warning: An extrapolation exceeding 80% of the library characterization range has been detected. The delay calculation accuracy may be affected. for the cell timing arc, (saed14slvt_ff0p88v25c/SAEDSLVT14_ADDF_V1_1) pe_u/pe0/sub_46/U2_1/A-->S (max positive_unate) [r/f slew = 3.45755e-05/3.39378e-05, lib_range = [0.003 0.133]/[0.003 0.133] (nS)] (RC-011)
Warning: An extrapolation exceeding 80% of the library characterization range has been detected. The delay calculation accuracy may be affected. for the cell timing arc, (saed14slvt_ff0p88v25c/SAEDSLVT14_ADDF_V1_1) pe_u/pe0/sub_46/U2_1/A-->CO (min positive_unate) [r/f slew = 3.2184e-05/3.14484e-05, lib_range = [0.003 0.133]/[0.003 0.133] (nS)] (RC-011)
Warning: An extrapolation exceeding 80% of the library characterization range has been detected. The delay calculation accuracy may be affected. for the cell timing arc, (saed14slvt_ff0p88v25c/SAEDSLVT14_ADDF_V1_1) pe_u/pe0/sub_46/U2_1/A-->S (min positive_unate) [r/f slew = 3.2184e-05/3.14484e-05, lib_range = [0.003 0.133]/[0.003 0.133] (nS)] (RC-011)
Warning: An extrapolation exceeding 80% of the library characterization range has been detected. The delay calculation accuracy may be affected. for the cell timing arc, (saed14slvt_ff0p88v25c/SAEDSLVT14_ADDF_V1_1) pe_u/pe0/sub_46/U2_1/A-->S (max positive_unate) [r/f slew = 3.45755e-05/3.39378e-05, lib_range = [0.003 0.133]/[0.003 0.133] (nS)] (RC-011)
Warning: An extrapolation exceeding 80% of the library characterization range has been detected. The delay calculation accuracy may be affected. for the cell timing arc, (saed14slvt_ff0p88v25c/SAEDSLVT14_ADDF_V1_1) pe_u/pe0/sub_46/U2_1/A-->CO (max positive_unate) [r/f slew = 3.45755e-05/3.39378e-05, lib_range = [0.003 0.133]/[0.003 0.133] (nS)] (RC-011)
Warning: An extrapolation exceeding 80% of the library characterization range has been detected. The delay calculation accuracy may be affected. for the cell timing arc, (saed14slvt_ff0p88v25c/SAEDSLVT14_ADDF_V1_1) pe_u/pe0/sub_46/U2_1/A-->S (min positive_unate) [r/f slew = 3.2184e-05/3.14484e-05, lib_range = [0.003 0.133]/[0.003 0.133] (nS)] (RC-011)
Warning: An extrapolation exceeding 80% of the library characterization range has been detected. The delay calculation accuracy may be affected. for the cell timing arc, (saed14slvt_ff0p88v25c/SAEDSLVT14_ADDF_V1_1) pe_u/pe0/sub_46/U2_1/A-->CO (min positive_unate) [r/f slew = 3.2184e-05/3.14484e-05, lib_range = [0.003 0.133]/[0.003 0.133] (nS)] (RC-011)
Warning: An extrapolation exceeding 80% of the library characterization range has been detected. The delay calculation accuracy may be affected. for the cell timing arc, (saed14slvt_ff0p88v25c/SAEDSLVT14_ADDF_V1_1) pe_u/pe0/sub_46/U2_1/A-->S (max negative_unate) [r/f slew = 3.39378e-05/3.45755e-05, lib_range = [0.003 0.133]/[0.003 0.133] (nS)] (RC-011)
Warning: An extrapolation exceeding 80% of the library characterization range has been detected. The delay calculation accuracy may be affected. for the cell timing arc, (saed14slvt_ff0p88v25c/SAEDSLVT14_ADDF_V1_1) pe_u/pe0/sub_46/U2_1/A-->CO (max positive_unate) [r/f slew = 3.45755e-05/3.39378e-05, lib_range = [0.003 0.133]/[0.003 0.133] (nS)] (RC-011)
Warning: An extrapolation exceeding 80% of the library characterization range has been detected. The delay calculation accuracy may be affected. for the cell timing arc, (saed14slvt_ff0p88v25c/SAEDSLVT14_ADDF_V1_1) pe_u/pe0/sub_46/U2_1/A-->S (min negative_unate) [r/f slew = 3.14484e-05/3.2184e-05, lib_range = [0.003 0.133]/[0.003 0.133] (nS)] (RC-011)
Warning: An extrapolation exceeding 80% of the library characterization range has been detected. The delay calculation accuracy may be affected. for the cell timing arc, (saed14slvt_ff0p88v25c/SAEDSLVT14_ADDF_V1_1) pe_u/pe0/sub_46/U2_1/A-->CO (min positive_unate) [r/f slew = 3.2184e-05/3.14484e-05, lib_range = [0.003 0.133]/[0.003 0.133] (nS)] (RC-011)
Warning: An extrapolation exceeding 80% of the library characterization range has been detected. The delay calculation accuracy may be affected. for the cell timing arc, (saed14slvt_ff0p88v25c/SAEDSLVT14_ADDF_V1_1) pe_u/pe0/sub_46/U2_1/A-->S (max negative_unate) [r/f slew = 3.39378e-05/3.45755e-05, lib_range = [0.003 0.133]/[0.003 0.133] (nS)] (RC-011)
Warning: An extrapolation exceeding 80% of the library characterization range has been detected. The delay calculation accuracy may be affected. for the cell timing arc, (saed14slvt_ff0p88v25c/SAEDSLVT14_ADDF_V1_1) pe_u/pe0/sub_46/U2_1/A-->S (min negative_unate) [r/f slew = 3.14484e-05/3.2184e-05, lib_range = [0.003 0.133]/[0.003 0.133] (nS)] (RC-011)
Warning: An extrapolation exceeding 80% of the library characterization range has been detected. The delay calculation accuracy may be affected. for the cell timing arc, (saed14slvt_ff0p88v25c/SAEDSLVT14_ADDF_V1_1) pe_u/pe0/sub_46/U2_1/A-->S (max negative_unate) [r/f slew = 3.39378e-05/3.45755e-05, lib_range = [0.003 0.133]/[0.003 0.133] (nS)] (RC-011)
Warning: An extrapolation exceeding 80% of the library characterization range has been detected. The delay calculation accuracy may be affected. for the cell timing arc, (saed14slvt_ff0p88v25c/SAEDSLVT14_ADDF_V1_1) pe_u/pe0/sub_46/U2_1/A-->S (min negative_unate) [r/f slew = 3.14484e-05/3.2184e-05, lib_range = [0.003 0.133]/[0.003 0.133] (nS)] (RC-011)
Warning: An extrapolation exceeding 80% of the library characterization range has been detected. The delay calculation accuracy may be affected. for the cell timing arc, (saed14slvt_ff0p88v25c/SAEDSLVT14_AO22_1) pe_u/pe4/U16/A1-->X (max positive_unate) [r/f slew = 0.000338803/0.000338579, lib_range = [0.003 0.133]/[0.003 0.133] (nS)] (RC-011)
Warning: An extrapolation exceeding 80% of the library characterization range has been detected. The delay calculation accuracy may be affected. for the cell timing arc, (saed14slvt_ff0p88v25c/SAEDSLVT14_AO22_1) pe_u/pe4/U16/A1-->X (min positive_unate) [r/f slew = 0.000305327/0.000301838, lib_range = [0.003 0.133]/[0.003 0.133] (nS)] (RC-011)
Warning: An extrapolation exceeding 80% of the library characterization range has been detected. The delay calculation accuracy may be affected. for the cell timing arc, (saed14slvt_ff0p88v25c/SAEDSLVT14_AO22_1) pe_u/pe4/U15/A1-->X (max positive_unate) [r/f slew = 0.000301617/0.000301411, lib_range = [0.003 0.133]/[0.003 0.133] (nS)] (RC-011)
Warning: An extrapolation exceeding 80% of the library characterization range has been detected. The delay calculation accuracy may be affected. for the cell timing arc, (saed14slvt_ff0p88v25c/SAEDSLVT14_AO22_1) pe_u/pe4/U16/A1-->X (max positive_unate) [r/f slew = 0.000338803/0.000338579, lib_range = [0.003 0.133]/[0.003 0.133] (nS)] (RC-011)
Warning: An extrapolation exceeding 80% of the library characterization range has been detected. The delay calculation accuracy may be affected. for the cell timing arc, (saed14slvt_ff0p88v25c/SAEDSLVT14_AO22_1) pe_u/pe4/U22/A1-->X (max positive_unate) [r/f slew = 0.000455651/0.000455401, lib_range = [0.003 0.133]/[0.003 0.133] (nS)] (RC-011)
Warning: An extrapolation exceeding 80% of the library characterization range has been detected. The delay calculation accuracy may be affected. for the cell timing arc, (saed14slvt_ff0p88v25c/SAEDSLVT14_AO22_1) pe_u/pe4/U15/A1-->X (min positive_unate) [r/f slew = 0.000271085/0.000267919, lib_range = [0.003 0.133]/[0.003 0.133] (nS)] (RC-011)
Warning: An extrapolation exceeding 80% of the library characterization range has been detected. The delay calculation accuracy may be affected. for the cell timing arc, (saed14slvt_ff0p88v25c/SAEDSLVT14_AO22_1) pe_u/pe4/U16/A1-->X (min positive_unate) [r/f slew = 0.000305327/0.000301838, lib_range = [0.003 0.133]/[0.003 0.133] (nS)] (RC-011)
Warning: An extrapolation exceeding 80% of the library characterization range has been detected. The delay calculation accuracy may be affected. for the cell timing arc, (saed14slvt_ff0p88v25c/SAEDSLVT14_AO22_1) pe_u/pe4/U22/A1-->X (min positive_unate) [r/f slew = 0.000423555/0.000419924, lib_range = [0.003 0.133]/[0.003 0.133] (nS)] (RC-011)
Warning: An extrapolation exceeding 80% of the library characterization range has been detected. The delay calculation accuracy may be affected. for the cell timing arc, (saed14slvt_ff0p88v25c/SAEDSLVT14_AO22_1) pe_u/pe4/U15/A1-->X (max positive_unate) [r/f slew = 0.000301617/0.000301411, lib_range = [0.003 0.133]/[0.003 0.133] (nS)] (RC-011)
Warning: An extrapolation exceeding 80% of the library characterization range has been detected. The delay calculation accuracy may be affected. for the cell timing arc, (saed14slvt_ff0p88v25c/SAEDSLVT14_AO22_1) pe_u/pe4/U16/A1-->X (max positive_unate) [r/f slew = 0.000338803/0.000338579, lib_range = [0.003 0.133]/[0.003 0.133] (nS)] (RC-011)
Warning: An extrapolation exceeding 80% of the library characterization range has been detected. The delay calculation accuracy may be affected. for the cell timing arc, (saed14slvt_ff0p88v25c/SAEDSLVT14_AO22_1) pe_u/pe4/U22/A1-->X (max positive_unate) [r/f slew = 0.000455651/0.000455401, lib_range = [0.003 0.133]/[0.003 0.133] (nS)] (RC-011)
Warning: An extrapolation exceeding 80% of the library characterization range has been detected. The delay calculation accuracy may be affected. for the cell timing arc, (saed14slvt_ff0p88v25c/SAEDSLVT14_AO22_1) pe_u/pe4/U16/A1-->X (min positive_unate) [r/f slew = 0.000305327/0.000301838, lib_range = [0.003 0.133]/[0.003 0.133] (nS)] (RC-011)
Warning: An extrapolation exceeding 80% of the library characterization range has been detected. The delay calculation accuracy may be affected. for the cell timing arc, (saed14slvt_ff0p88v25c/SAEDSLVT14_AO22_1) pe_u/pe4/U16/A1-->X (max positive_unate) [r/f slew = 0.000338803/0.000338579, lib_range = [0.003 0.133]/[0.003 0.133] (nS)] (RC-011)
Warning: An extrapolation exceeding 80% of the library characterization range has been detected. The delay calculation accuracy may be affected. for the cell timing arc, (saed14slvt_ff0p88v25c/SAEDSLVT14_AO22_1) pe_u/pe4/U15/A1-->X (min positive_unate) [r/f slew = 0.000271085/0.000267919, lib_range = [0.003 0.133]/[0.003 0.133] (nS)] (RC-011)
Warning: An extrapolation exceeding 80% of the library characterization range has been detected. The delay calculation accuracy may be affected. for the cell timing arc, (saed14slvt_ff0p88v25c/SAEDSLVT14_AO22_1) pe_u/pe4/U16/A1-->X (min positive_unate) [r/f slew = 0.000305327/0.000301838, lib_range = [0.003 0.133]/[0.003 0.133] (nS)] (RC-011)
Warning: An extrapolation exceeding 80% of the library characterization range has been detected. The delay calculation accuracy may be affected. for the cell timing arc, (saed14slvt_ff0p88v25c/SAEDSLVT14_AO22_1) pe_u/pe4/U22/A1-->X (min positive_unate) [r/f slew = 0.000423555/0.000419924, lib_range = [0.003 0.133]/[0.003 0.133] (nS)] (RC-011)
Warning: An extrapolation exceeding 80% of the library characterization range has been detected. The delay calculation accuracy may be affected. for the cell timing arc, (saed14slvt_ff0p88v25c/SAEDSLVT14_AO22_1) pe_u/pe4/U15/A1-->X (max positive_unate) [r/f slew = 0.000301617/0.000301411, lib_range = [0.003 0.133]/[0.003 0.133] (nS)] (RC-011)
Warning: An extrapolation exceeding 80% of the library characterization range has been detected. The delay calculation accuracy may be affected. for the cell timing arc, (saed14slvt_ff0p88v25c/SAEDSLVT14_AO22_1) pe_u/pe4/U22/A1-->X (max positive_unate) [r/f slew = 0.000455651/0.000455401, lib_range = [0.003 0.133]/[0.003 0.133] (nS)] (RC-011)
Warning: An extrapolation exceeding 80% of the library characterization range has been detected. The delay calculation accuracy may be affected. for the cell timing arc, (saed14slvt_ff0p88v25c/SAEDSLVT14_AO22_1) pe_u/pe4/U15/A1-->X (min positive_unate) [r/f slew = 0.000271085/0.000267919, lib_range = [0.003 0.133]/[0.003 0.133] (nS)] (RC-011)
Warning: An extrapolation exceeding 80% of the library characterization range has been detected. The delay calculation accuracy may be affected. for the cell timing arc, (saed14slvt_ff0p88v25c/SAEDSLVT14_AO22_1) pe_u/pe4/U22/A1-->X (min positive_unate) [r/f slew = 0.000423555/0.000419924, lib_range = [0.003 0.133]/[0.003 0.133] (nS)] (RC-011)
Warning: An extrapolation exceeding 80% of the library characterization range has been detected. The delay calculation accuracy may be affected. for the cell timing arc, (saed14slvt_ff0p88v25c/SAEDSLVT14_AO22_1) pe_u/pe4/U15/A1-->X (max positive_unate) [r/f slew = 0.000301617/0.000301411, lib_range = [0.003 0.133]/[0.003 0.133] (nS)] (RC-011)
Warning: An extrapolation exceeding 80% of the library characterization range has been detected. The delay calculation accuracy may be affected. for the cell timing arc, (saed14slvt_ff0p88v25c/SAEDSLVT14_AO22_1) pe_u/pe4/U22/A1-->X (max positive_unate) [r/f slew = 0.000455651/0.000455401, lib_range = [0.003 0.133]/[0.003 0.133] (nS)] (RC-011)
Warning: An extrapolation exceeding 80% of the library characterization range has been detected. The delay calculation accuracy may be affected. for the cell timing arc, (saed14slvt_ff0p88v25c/SAEDSLVT14_AO22_1) pe_u/pe4/U15/A1-->X (min positive_unate) [r/f slew = 0.000271085/0.000267919, lib_range = [0.003 0.133]/[0.003 0.133] (nS)] (RC-011)
Warning: An extrapolation exceeding 80% of the library characterization range has been detected. The delay calculation accuracy may be affected. for the cell timing arc, (saed14slvt_ff0p88v25c/SAEDSLVT14_AO22_1) pe_u/pe4/U22/A1-->X (min positive_unate) [r/f slew = 0.000423555/0.000419924, lib_range = [0.003 0.133]/[0.003 0.133] (nS)] (RC-011)
Warning: An extrapolation exceeding 80% of the library characterization range has been detected. The delay calculation accuracy may be affected. for the cell timing arc, (saed14slvt_ff0p88v25c/SAEDSLVT14_AO22_1) pe_u/pe4/U16/B1-->X (min positive_unate) [r/f slew = 0.00051353/0.000506971, lib_range = [0.003 0.133]/[0.003 0.133] (nS)] (RC-011)
Warning: An extrapolation exceeding 80% of the library characterization range has been detected. The delay calculation accuracy may be affected. for the cell timing arc, (saed14slvt_ff0p88v25c/SAEDSLVT14_AO22_1) pe_u/pe4/U16/B1-->X (min positive_unate) [r/f slew = 0.00051353/0.000506971, lib_range = [0.003 0.133]/[0.003 0.133] (nS)] (RC-011)
Warning: An extrapolation exceeding 80% of the library characterization range has been detected. The delay calculation accuracy may be affected. for the cell timing arc, (saed14slvt_ff0p88v25c/SAEDSLVT14_AO22_1) pe_u/pe4/U21/A1-->X (min positive_unate) [r/f slew = 0.000572006/0.000567111, lib_range = [0.003 0.133]/[0.003 0.133] (nS)] (RC-011)
Warning: An extrapolation exceeding 80% of the library characterization range has been detected. The delay calculation accuracy may be affected. for the cell timing arc, (saed14slvt_ff0p88v25c/SAEDSLVT14_AO22_1) pe_u/pe4/U16/B1-->X (min positive_unate) [r/f slew = 0.00051353/0.000506971, lib_range = [0.003 0.133]/[0.003 0.133] (nS)] (RC-011)
Warning: An extrapolation exceeding 80% of the library characterization range has been detected. The delay calculation accuracy may be affected. for the cell timing arc, (saed14slvt_ff0p88v25c/SAEDSLVT14_AO22_1) pe_u/pe4/U15/B1-->X (max positive_unate) [r/f slew = 0.000480393/0.000488815, lib_range = [0.003 0.133]/[0.003 0.133] (nS)] (RC-011)
Warning: An extrapolation exceeding 80% of the library characterization range has been detected. The delay calculation accuracy may be affected. for the cell timing arc, (saed14slvt_ff0p88v25c/SAEDSLVT14_AO22_1) pe_u/pe4/U15/B1-->X (min positive_unate) [r/f slew = 0.000393737/0.00038777, lib_range = [0.003 0.133]/[0.003 0.133] (nS)] (RC-011)
Warning: An extrapolation exceeding 80% of the library characterization range has been detected. The delay calculation accuracy may be affected. for the cell timing arc, (saed14slvt_ff0p88v25c/SAEDSLVT14_AO22_1) pe_u/pe4/U16/B1-->X (min positive_unate) [r/f slew = 0.00051353/0.000506971, lib_range = [0.003 0.133]/[0.003 0.133] (nS)] (RC-011)
Warning: An extrapolation exceeding 80% of the library characterization range has been detected. The delay calculation accuracy may be affected. for the cell timing arc, (saed14slvt_ff0p88v25c/SAEDSLVT14_AO22_1) pe_u/pe4/U15/B1-->X (max positive_unate) [r/f slew = 0.000480393/0.000488815, lib_range = [0.003 0.133]/[0.003 0.133] (nS)] (RC-011)
Warning: An extrapolation exceeding 80% of the library characterization range has been detected. The delay calculation accuracy may be affected. for the cell timing arc, (saed14slvt_ff0p88v25c/SAEDSLVT14_AO22_1) pe_u/pe4/U21/A1-->X (min positive_unate) [r/f slew = 0.000572006/0.000567111, lib_range = [0.003 0.133]/[0.003 0.133] (nS)] (RC-011)
Warning: An extrapolation exceeding 80% of the library characterization range has been detected. The delay calculation accuracy may be affected. for the cell timing arc, (saed14slvt_ff0p88v25c/SAEDSLVT14_AO22_1) pe_u/pe4/U15/B1-->X (min positive_unate) [r/f slew = 0.000393737/0.00038777, lib_range = [0.003 0.133]/[0.003 0.133] (nS)] (RC-011)
Warning: An extrapolation exceeding 80% of the library characterization range has been detected. The delay calculation accuracy may be affected. for the cell timing arc, (saed14slvt_ff0p88v25c/SAEDSLVT14_AO22_1) pe_u/pe4/U22/B1-->X (min positive_unate) [fall slew = 0.000594301, lib_range = [0.003 0.133](nS)] (RC-011)
Warning: An extrapolation exceeding 80% of the library characterization range has been detected. The delay calculation accuracy may be affected. for the cell timing arc, (saed14slvt_ff0p88v25c/SAEDSLVT14_AO22_1) pe_u/pe4/U22/B1-->X (min positive_unate) [fall slew = 0.000594301, lib_range = [0.003 0.133](nS)] (RC-011)
Warning: An extrapolation exceeding 80% of the library characterization range has been detected. The delay calculation accuracy may be affected. for the cell timing arc, (saed14slvt_ff0p88v25c/SAEDSLVT14_AO22_1) pe_u/pe4/U21/A1-->X (min positive_unate) [r/f slew = 0.000572006/0.000567111, lib_range = [0.003 0.133]/[0.003 0.133] (nS)] (RC-011)
Warning: An extrapolation exceeding 80% of the library characterization range has been detected. The delay calculation accuracy may be affected. for the cell timing arc, (saed14slvt_ff0p88v25c/SAEDSLVT14_AO22_1) pe_u/pe4/U15/B1-->X (max positive_unate) [r/f slew = 0.000480393/0.000488815, lib_range = [0.003 0.133]/[0.003 0.133] (nS)] (RC-011)
Warning: An extrapolation exceeding 80% of the library characterization range has been detected. The delay calculation accuracy may be affected. for the cell timing arc, (saed14slvt_ff0p88v25c/SAEDSLVT14_AO22_1) pe_u/pe4/U22/B1-->X (min positive_unate) [fall slew = 0.000594301, lib_range = [0.003 0.133](nS)] (RC-011)
Warning: An extrapolation exceeding 80% of the library characterization range has been detected. The delay calculation accuracy may be affected. for the cell timing arc, (saed14slvt_ff0p88v25c/SAEDSLVT14_AO22_1) pe_u/pe4/U15/B1-->X (min positive_unate) [r/f slew = 0.000393737/0.00038777, lib_range = [0.003 0.133]/[0.003 0.133] (nS)] (RC-011)
Warning: An extrapolation exceeding 80% of the library characterization range has been detected. The delay calculation accuracy may be affected. for the cell timing arc, (saed14slvt_ff0p88v25c/SAEDSLVT14_AO22_1) pe_u/pe4/U21/A1-->X (min positive_unate) [r/f slew = 0.000572006/0.000567111, lib_range = [0.003 0.133]/[0.003 0.133] (nS)] (RC-011)
Warning: An extrapolation exceeding 80% of the library characterization range has been detected. The delay calculation accuracy may be affected. for the cell timing arc, (saed14slvt_ff0p88v25c/SAEDSLVT14_AO22_1) pe_u/pe4/U15/B1-->X (max positive_unate) [r/f slew = 0.000480393/0.000488815, lib_range = [0.003 0.133]/[0.003 0.133] (nS)] (RC-011)
Warning: An extrapolation exceeding 80% of the library characterization range has been detected. The delay calculation accuracy may be affected. for the cell timing arc, (saed14slvt_ff0p88v25c/SAEDSLVT14_AO22_1) pe_u/pe4/U22/B1-->X (min positive_unate) [fall slew = 0.000594301, lib_range = [0.003 0.133](nS)] (RC-011)
Warning: An extrapolation exceeding 80% of the library characterization range has been detected. The delay calculation accuracy may be affected. for the cell timing arc, (saed14slvt_ff0p88v25c/SAEDSLVT14_AO22_1) pe_u/pe4/U15/B1-->X (min positive_unate) [r/f slew = 0.000393737/0.00038777, lib_range = [0.003 0.133]/[0.003 0.133] (nS)] (RC-011)
Warning: An extrapolation exceeding 80% of the library characterization range has been detected. The delay calculation accuracy may be affected. for the cell timing arc, (saed14slvt_ff0p88v25c/SAEDSLVT14_AO22_1) pe_u/pe6/U15/A1-->X (max positive_unate) [r/f slew = 0.000479721/0.000479435, lib_range = [0.003 0.133]/[0.003 0.133] (nS)] (RC-011)
Warning: An extrapolation exceeding 80% of the library characterization range has been detected. The delay calculation accuracy may be affected. for the cell timing arc, (saed14slvt_ff0p88v25c/SAEDSLVT14_AO22_1) pe_u/pe6/U16/A1-->X (max positive_unate) [r/f slew = 0.000391765/0.000391542, lib_range = [0.003 0.133]/[0.003 0.133] (nS)] (RC-011)
Warning: An extrapolation exceeding 80% of the library characterization range has been detected. The delay calculation accuracy may be affected. for the cell timing arc, (saed14slvt_ff0p88v25c/SAEDSLVT14_AO22_1) pe_u/pe6/U15/A1-->X (min positive_unate) [r/f slew = 0.000437333/0.000432951, lib_range = [0.003 0.133]/[0.003 0.133] (nS)] (RC-011)
Warning: An extrapolation exceeding 80% of the library characterization range has been detected. The delay calculation accuracy may be affected. for the cell timing arc, (saed14slvt_ff0p88v25c/SAEDSLVT14_AO22_1) pe_u/pe6/U16/A1-->X (min positive_unate) [r/f slew = 0.000358487/0.00035501, lib_range = [0.003 0.133]/[0.003 0.133] (nS)] (RC-011)
Warning: An extrapolation exceeding 80% of the library characterization range has been detected. The delay calculation accuracy may be affected. for the cell timing arc, (saed14slvt_ff0p88v25c/SAEDSLVT14_AO22_1) pe_u/pe6/U15/A1-->X (max positive_unate) [r/f slew = 0.000479721/0.000479435, lib_range = [0.003 0.133]/[0.003 0.133] (nS)] (RC-011)
Warning: An extrapolation exceeding 80% of the library characterization range has been detected. The delay calculation accuracy may be affected. for the cell timing arc, (saed14slvt_ff0p88v25c/SAEDSLVT14_AO22_1) pe_u/pe6/U16/A1-->X (max positive_unate) [r/f slew = 0.000391765/0.000391542, lib_range = [0.003 0.133]/[0.003 0.133] (nS)] (RC-011)
Warning: An extrapolation exceeding 80% of the library characterization range has been detected. The delay calculation accuracy may be affected. for the cell timing arc, (saed14slvt_ff0p88v25c/SAEDSLVT14_AO22_1) pe_u/pe6/U15/A1-->X (min positive_unate) [r/f slew = 0.000437333/0.000432951, lib_range = [0.003 0.133]/[0.003 0.133] (nS)] (RC-011)
Warning: An extrapolation exceeding 80% of the library characterization range has been detected. The delay calculation accuracy may be affected. for the cell timing arc, (saed14slvt_ff0p88v25c/SAEDSLVT14_AO22_1) pe_u/pe6/U16/A1-->X (min positive_unate) [r/f slew = 0.000358487/0.00035501, lib_range = [0.003 0.133]/[0.003 0.133] (nS)] (RC-011)
Warning: An extrapolation exceeding 80% of the library characterization range has been detected. The delay calculation accuracy may be affected. for the cell timing arc, (saed14slvt_ff0p88v25c/SAEDSLVT14_AO22_1) pe_u/pe6/U15/A1-->X (max positive_unate) [r/f slew = 0.000479721/0.000479435, lib_range = [0.003 0.133]/[0.003 0.133] (nS)] (RC-011)
Warning: An extrapolation exceeding 80% of the library characterization range has been detected. The delay calculation accuracy may be affected. for the cell timing arc, (saed14slvt_ff0p88v25c/SAEDSLVT14_AO22_1) pe_u/pe6/U16/A1-->X (max positive_unate) [r/f slew = 0.000391765/0.000391542, lib_range = [0.003 0.133]/[0.003 0.133] (nS)] (RC-011)
Warning: An extrapolation exceeding 80% of the library characterization range has been detected. The delay calculation accuracy may be affected. for the cell timing arc, (saed14slvt_ff0p88v25c/SAEDSLVT14_AO22_1) pe_u/pe6/U15/A1-->X (min positive_unate) [r/f slew = 0.000437333/0.000432951, lib_range = [0.003 0.133]/[0.003 0.133] (nS)] (RC-011)
****************************************
Report : timing
	-path_type full
	-delay_type min
	-max_paths 1
	-sort_by slack
Design : top
Version: S-2021.06-SP4
Date   : Mon Dec  9 15:23:48 2024
****************************************


  Startpoint: pe_u/pe7/Rpipe_reg[7]
               (rising edge-triggered flip-flop clocked by ideal_clock1)
  Endpoint: pe_u/pe8/Rpipe_reg[7]
               (rising edge-triggered flip-flop clocked by ideal_clock1)
  Path Group: ideal_clock1
  Path Type: min

  Point                                                   Incr       Path
  ------------------------------------------------------------------------------
  clock ideal_clock1 (rise edge)                          0.00       0.00
  clock network delay (ideal)                             0.00       0.00
  pe_u/pe7/Rpipe_reg[7]/CK (SAEDRVT14_FDP_V2_1)           0.00       0.00 r
  pe_u/pe7/Rpipe_reg[7]/Q (SAEDRVT14_FDP_V2_1)            0.02 &     0.02 r
  pe_u/pe8/Rpipe_reg[7]/D (SAEDRVT14_FDP_V2_1)            0.00 &     0.02 r
  data arrival time                                                  0.02

  clock ideal_clock1 (rise edge)                          0.00       0.00
  clock network delay (ideal)                             0.00       0.00
  clock reconvergence pessimism                           0.00       0.00
  pe_u/pe8/Rpipe_reg[7]/CK (SAEDRVT14_FDP_V2_1)                      0.00 r
  library hold time                                      -0.00      -0.00
  data required time                                                -0.00
  ------------------------------------------------------------------------------
  data required time                                                -0.00
  data arrival time                                                 -0.02
  ------------------------------------------------------------------------------
  slack (MET)                                                        0.02


1
