 
****************************************
Report : qor
Design : top
Version: O-2018.06-SP4
Date   : Mon Dec  9 13:49:47 2024
****************************************


  Timing Path Group 'ideal_clock1'
  -----------------------------------
  Levels of Logic:              30.00
  Critical Path Length:          0.58
  Critical Path Slack:           0.31
  Critical Path Clk Period:      0.90
  Total Negative Slack:          0.00
  No. of Violating Paths:        0.00
  Worst Hold Violation:        -46.80
  Total Hold Violation:       -748.62
  No. of Hold Violations:       16.00
  -----------------------------------


  Cell Count
  -----------------------------------
  Hierarchical Cell Count:         52
  Hierarchical Port Count:       2029
  Leaf Cell Count:               1244
  Buf/Inv Cell Count:             298
  Buf Cell Count:                   2
  Inv Cell Count:                 296
  CT Buf/Inv Cell Count:            0
  Combinational Cell Count:       967
  Sequential Cell Count:          277
  Macro Count:                      0
  -----------------------------------


  Area
  -----------------------------------
  Combinational Area:      483.205189
  Noncombinational Area:   310.666801
  Buf/Inv Area:             53.102399
  Total Buffer Area:             0.53
  Total Inverter Area:          52.57
  Macro/Black Box Area:      0.000000
  Net Area:                854.895345
  -----------------------------------
  Cell Area:               793.871990
  Design Area:            1648.767335


  Design Rules
  -----------------------------------
  Total Number of Nets:          1501
  Nets With Violations:             0
  Max Trans Violations:             0
  Max Cap Violations:               0
  -----------------------------------


  Hostname: mahmoodi.rcc.at.sfsu.edu

  Compile CPU Statistics
  -----------------------------------------
  Resource Sharing:                    0.97
  Logic Optimization:                  2.48
  Mapping Optimization:                1.07
  -----------------------------------------
  Overall Compile Time:               16.67
  Overall Compile Wall Clock Time:    16.75

  --------------------------------------------------------------------

  Design  WNS: 0.00  TNS: 0.00  Number of Violating Paths: 0


  Design (Hold)  WNS: 46.80  TNS: 748.62  Number of Violating Paths: 16

  --------------------------------------------------------------------


1
